14:04:17  streaming the panel (limit none)…
14:04:21    2,000,000 rows read, 30,127 accounts
14:04:25    4,000,000 rows read, 60,253 accounts
14:04:30    6,000,000 rows read, 90,467 accounts
14:04:34    8,000,000 rows read, 120,498 accounts
14:04:38    10,000,000 rows read, 150,949 accounts
14:04:42    12,000,000 rows read, 181,090 accounts
14:04:47    14,000,000 rows read, 211,311 accounts
14:04:51    16,000,000 rows read, 241,577 accounts
14:04:53  read 16,782,203 rows across 253,279 accounts
14:04:55  panel: 230,543 accounts observable at month 12, 5,860 defaulted within 12 months (0.0254)
14:04:56  split by account: 172,907 train / 57,636 test
14:04:56  training 5 models across 7 workers
14:06:08  gradient_boosting: test AUC 0.8789 · OOF 0.8746 · 71s — 1/5 done
14:06:12  lightgbm_pd: test AUC 0.8813 · OOF 0.8780 · 75s — 2/5 done
14:06:16  xgboost_pd: test AUC 0.8818 · OOF 0.8780 · 79s — 3/5 done
14:06:21  lightgbm_pd_deep: test AUC 0.8811 · OOF 0.8774 · 84s — 4/5 done
14:07:47  random_forest_pd: test AUC 0.8730 · OOF 0.8701 · 169s — 5/5 done
14:07:47  WINNER xgboost_pd · test AUC 0.8818 · vs committed Cox c-index 0.6967
14:07:47  early warning at the top 10%: catches 61.4% of defaults, median 8.0 months ahead
14:07:47  wrote /home/divanshu/Desktop/AILendingHub/reports/survival_training.json

  winner    xgboost_pd
  test AUC  0.8818  (Gini 76.35)
  top 5%: capture 47.3%, median lead 6.0 months
  top 10%: capture 61.4%, median lead 8.0 months
  top 20%: capture 77.4%, median lead 8.0 months
